// Vitest Snapshot v1, https://vitest.dev/guide/snapshot.html

exports[`what is visible in production > prices, plans, credit tiers, top-ups, annual discount and action costs 1`] = `
{
  "actionCredits": {
    "component": 0.9,
    "feature": 1.2,
    "full_page": 1.7,
    "plan": 1,
    "targeted_style": 0.5,
  },
  "annualDiscount": 0.2,
  "creditTiers": [
    25,
    60,
    100,
    200,
    400,
    800,
    1200,
    2000,
    3000,
    4000,
    5000,
    7500,
    10000,
  ],
  "monthlyEmails": {
    "business": 5000,
    "free": 0,
    "pro": 1000,
  },
  "plans": [
    {
      "baseCredits": 5,
      "key": "free",
      "name": "Free",
      "publication": {
        "customDomains": 0,
        "publishedSites": null,
      },
      "signupCredits": 5,
      "tiers": [],
    },
    {
      "baseCredits": 100,
      "key": "pro",
      "name": "Pro",
      "publication": {
        "customDomains": 10,
        "publishedSites": null,
      },
      "signupCredits": 0,
      "tiers": [
        25,
        60,
        100,
        200,
        400,
        800,
        1200,
        2000,
        3000,
        4000,
        5000,
        7500,
        10000,
      ],
    },
    {
      "baseCredits": 100,
      "key": "business",
      "name": "Business",
      "publication": {
        "customDomains": null,
        "publishedSites": null,
      },
      "signupCredits": 0,
      "tiers": [
        100,
        200,
        400,
        800,
        1200,
        2000,
        3000,
        4000,
        5000,
        7500,
        10000,
      ],
    },
    {
      "baseCredits": 0,
      "key": "enterprise",
      "name": "Enterprise",
      "publication": {
        "customDomains": null,
        "publishedSites": null,
      },
      "signupCredits": 0,
      "tiers": [],
    },
  ],
  "prices": [
    [
      "pro",
      25,
      "monthly",
      5000,
    ],
    [
      "pro",
      25,
      "annual",
      48000,
    ],
    [
      "pro",
      60,
      "monthly",
      10000,
    ],
    [
      "pro",
      60,
      "annual",
      96000,
    ],
    [
      "pro",
      100,
      "monthly",
      15000,
    ],
    [
      "pro",
      100,
      "annual",
      144000,
    ],
    [
      "pro",
      200,
      "monthly",
      30000,
    ],
    [
      "pro",
      200,
      "annual",
      288000,
    ],
    [
      "pro",
      400,
      "monthly",
      60000,
    ],
    [
      "pro",
      400,
      "annual",
      576000,
    ],
    [
      "pro",
      800,
      "monthly",
      120000,
    ],
    [
      "pro",
      800,
      "annual",
      1152000,
    ],
    [
      "pro",
      1200,
      "monthly",
      180000,
    ],
    [
      "pro",
      1200,
      "annual",
      1728000,
    ],
    [
      "pro",
      2000,
      "monthly",
      300000,
    ],
    [
      "pro",
      2000,
      "annual",
      2880000,
    ],
    [
      "pro",
      3000,
      "monthly",
      450000,
    ],
    [
      "pro",
      3000,
      "annual",
      4320000,
    ],
    [
      "pro",
      4000,
      "monthly",
      600000,
    ],
    [
      "pro",
      4000,
      "annual",
      5760000,
    ],
    [
      "pro",
      5000,
      "monthly",
      750000,
    ],
    [
      "pro",
      5000,
      "annual",
      7200000,
    ],
    [
      "pro",
      7500,
      "monthly",
      1125000,
    ],
    [
      "pro",
      7500,
      "annual",
      10800000,
    ],
    [
      "pro",
      10000,
      "monthly",
      1500000,
    ],
    [
      "pro",
      10000,
      "annual",
      14400000,
    ],
    [
      "business",
      100,
      "monthly",
      30000,
    ],
    [
      "business",
      100,
      "annual",
      288000,
    ],
    [
      "business",
      200,
      "monthly",
      60000,
    ],
    [
      "business",
      200,
      "annual",
      576000,
    ],
    [
      "business",
      400,
      "monthly",
      120000,
    ],
    [
      "business",
      400,
      "annual",
      1152000,
    ],
    [
      "business",
      800,
      "monthly",
      240000,
    ],
    [
      "business",
      800,
      "annual",
      2304000,
    ],
    [
      "business",
      1200,
      "monthly",
      360000,
    ],
    [
      "business",
      1200,
      "annual",
      3456000,
    ],
    [
      "business",
      2000,
      "monthly",
      600000,
    ],
    [
      "business",
      2000,
      "annual",
      5760000,
    ],
    [
      "business",
      3000,
      "monthly",
      900000,
    ],
    [
      "business",
      3000,
      "annual",
      8640000,
    ],
    [
      "business",
      4000,
      "monthly",
      1200000,
    ],
    [
      "business",
      4000,
      "annual",
      11520000,
    ],
    [
      "business",
      5000,
      "monthly",
      1500000,
    ],
    [
      "business",
      5000,
      "annual",
      14400000,
    ],
    [
      "business",
      7500,
      "monthly",
      2250000,
    ],
    [
      "business",
      7500,
      "annual",
      21600000,
    ],
    [
      "business",
      10000,
      "monthly",
      3000000,
    ],
    [
      "business",
      10000,
      "annual",
      28800000,
    ],
  ],
  "topupTiers": [
    50,
    100,
    150,
    200,
    250,
    300,
    400,
    500,
    1000,
    2000,
    3000,
    5000,
    10000,
  ],
  "topups": [
    [
      "pro",
      50,
      9375,
    ],
    [
      "pro",
      100,
      18750,
    ],
    [
      "pro",
      150,
      28125,
    ],
    [
      "pro",
      200,
      37500,
    ],
    [
      "pro",
      250,
      46875,
    ],
    [
      "pro",
      300,
      56250,
    ],
    [
      "pro",
      400,
      75000,
    ],
    [
      "pro",
      500,
      93750,
    ],
    [
      "pro",
      1000,
      187500,
    ],
    [
      "pro",
      2000,
      375000,
    ],
    [
      "pro",
      3000,
      562500,
    ],
    [
      "pro",
      5000,
      937500,
    ],
    [
      "pro",
      10000,
      1875000,
    ],
    [
      "business",
      50,
      18750,
    ],
    [
      "business",
      100,
      37500,
    ],
    [
      "business",
      150,
      56250,
    ],
    [
      "business",
      200,
      75000,
    ],
    [
      "business",
      250,
      93750,
    ],
    [
      "business",
      300,
      112500,
    ],
    [
      "business",
      400,
      150000,
    ],
    [
      "business",
      500,
      187500,
    ],
    [
      "business",
      1000,
      375000,
    ],
    [
      "business",
      2000,
      750000,
    ],
    [
      "business",
      3000,
      1125000,
    ],
    [
      "business",
      5000,
      1875000,
    ],
    [
      "business",
      10000,
      3750000,
    ],
  ],
  "xafPerUsd": 600,
}
`;

exports[`what is visible in production > the model list and the plan each model starts at 1`] = `
[
  {
    "creditFloor": 1,
    "id": "google/gemini-3.8-flash:batch",
    "label": "Gemini 3.8 Flash",
    "minPlan": "free",
    "tier": "Economy",
  },
  {
    "creditFloor": 2,
    "id": "openai/gpt-5.6-luna-pro",
    "label": "Luna Pro",
    "minPlan": "free",
    "tier": "Economy",
  },
  {
    "creditFloor": 3,
    "id": "moonshotai/kimi-k3",
    "label": "Kimi K3",
    "minPlan": "free",
    "tier": "Standard",
  },
  {
    "creditFloor": 5,
    "id": "openai/gpt-5.6-terra-pro",
    "label": "Terra Pro",
    "minPlan": "pro",
    "tier": "Standard",
  },
  {
    "creditFloor": 7,
    "id": "anthropic/claude-sonnet-5",
    "label": "Sonnet 5",
    "minPlan": "pro",
    "tier": "Pro",
  },
  {
    "creditFloor": 7,
    "id": "x-ai/grok-4.6",
    "label": "Grok 4.6",
    "minPlan": "pro",
    "tier": "Pro",
  },
  {
    "creditFloor": 11,
    "id": "openai/gpt-5.6-sol-pro",
    "label": "Sol Pro",
    "minPlan": "business",
    "tier": "Premium",
  },
  {
    "creditFloor": 15,
    "id": "anthropic/claude-opus-5",
    "label": "Opus 5",
    "minPlan": "business",
    "tier": "Premium",
  },
  {
    "creditFloor": 22,
    "id": "anthropic/claude-fable-5.1:batch",
    "label": "Fable 5.1",
    "minPlan": "enterprise",
    "tier": "Premium",
  },
  {
    "creditFloor": 2,
    "id": "openai/gpt-5.6-luna",
    "label": "Luna",
    "minPlan": "free",
    "tier": "Economy",
  },
  {
    "creditFloor": 5,
    "id": "openai/gpt-5.6-terra",
    "label": "Terra",
    "minPlan": "pro",
    "tier": "Standard",
  },
  {
    "creditFloor": 11,
    "id": "openai/gpt-5.6-sol",
    "label": "Sol",
    "minPlan": "business",
    "tier": "Premium",
  },
  {
    "creditFloor": 1,
    "id": "google/gemini-3.8-flash",
    "label": "Gemini 3.8 Flash",
    "minPlan": "free",
    "tier": "Economy",
  },
  {
    "creditFloor": 22,
    "id": "anthropic/claude-fable-5.1",
    "label": "Fable 5.1",
    "minPlan": "enterprise",
    "tier": "Premium",
  },
  {
    "creditFloor": 20,
    "id": "openai/gpt-6-astra",
    "label": "GPT-6 Astra",
    "minPlan": "business",
    "tier": "Premium",
  },
  {
    "creditFloor": 2,
    "id": "openai/gpt-6-luna",
    "label": "GPT-6 Luna",
    "minPlan": "free",
    "tier": "Economy",
  },
  {
    "creditFloor": 11,
    "id": "openai/gpt-6-sol",
    "label": "GPT-6 Sol",
    "minPlan": "business",
    "tier": "Premium",
  },
  {
    "creditFloor": 15,
    "id": "anthropic/claude-opus-5.5",
    "label": "Opus 5.5",
    "minPlan": "business",
    "tier": "Premium",
  },
  {
    "creditFloor": 8,
    "id": "anthropic/claude-sonnet-5.5",
    "label": "Sonnet 5.5",
    "minPlan": "pro",
    "tier": "Pro",
  },
]
`;

exports[`what is visible in production > the three modes, their names and descriptions, and the reasoning levels 1`] = `
{
  "hints": {
    "balanced": "Équilibré : Auto cherche le meilleur rapport qualité / prix.",
    "economy": "Économique : Auto privilégie les modèles les moins chers qui savent faire la tâche.",
    "performance": "Performance : Auto privilégie le modèle le plus capable, au prix de plus de crédits.",
  },
  "labels": {
    "balanced": "Équilibré",
    "economy": "Économique",
    "performance": "Performance",
  },
  "modes": [
    "economy",
    "balanced",
    "performance",
  ],
  "reasoningLevels": [
    "none",
    "low",
    "medium",
    "high",
    "max",
  ],
}
`;

exports[`what is visible in production > what each plan says it includes, and the comparison table 1`] = `
{
  "business": [
    "Publication Coden et domaines personnalisés illimités",
    "Rôles et projets internes",
    "Modèles premium et support prioritaire",
    "5 000 e-mails transactionnels par mois",
    "Recharges ponctuelles, valables 12 mois",
  ],
  "comparison": [
    {
      "business": "dès 30 000 FCFA / mois",
      "free": "0 FCFA",
      "label": "Prix",
      "pro": "dès 5 000 FCFA / mois",
    },
    {
      "business": "100 à 10 000 par mois",
      "free": "5, une seule fois",
      "label": "Crédits",
      "pro": "25, 60, puis 100 à 10 000 par mois",
    },
    {
      "business": "Incluse",
      "free": "Incluse",
      "label": "Publication sur une adresse Coden",
      "pro": "Incluse",
    },
    {
      "business": "Illimités",
      "free": "—",
      "label": "Domaines personnalisés",
      "pro": "1, 3 ou 10",
    },
    {
      "business": "Oui",
      "free": "Oui",
      "label": "Preview privée",
      "pro": "Oui",
    },
    {
      "business": "Oui",
      "free": "Oui",
      "label": "Édition et export du code",
      "pro": "Oui",
    },
    {
      "business": "Oui",
      "free": "Oui",
      "label": "Historique des versions et rollback",
      "pro": "Oui",
    },
    {
      "business": "5 000 par mois",
      "free": "—",
      "label": "E-mails transactionnels",
      "pro": "1 000 par mois",
    },
    {
      "business": "375 FCFA le crédit",
      "free": "—",
      "label": "Recharge ponctuelle",
      "pro": "187,5 FCFA le crédit",
    },
    {
      "business": "−20 %",
      "free": "—",
      "label": "Paiement annuel",
      "pro": "−20 %",
    },
    {
      "business": "Essentiels, avancés et premium",
      "free": "Essentiels",
      "label": "Modèles d’IA",
      "pro": "Essentiels et avancés",
    },
    {
      "business": "Oui",
      "free": "—",
      "label": "Rôles et projets internes",
      "pro": "—",
    },
    {
      "business": "Oui",
      "free": "—",
      "label": "Support prioritaire",
      "pro": "—",
    },
  ],
  "free": [
    "1 projet actif et preview privée",
    "Génération et modifications selon le solde",
    "Publication sur une adresse Coden",
    "Aucun renouvellement automatique des crédits",
  ],
  "pro": [
    "Publication Coden et 1 domaine personnalisé",
    "Édition et export du code",
    "Historique des versions et rollback",
    "1 000 e-mails transactionnels par mois",
    "Recharges ponctuelles, valables 12 mois",
  ],
  "proLarge": [
    "Publication Coden et 10 domaines personnalisés",
    "Édition et export du code",
    "Historique des versions et rollback",
    "1 000 e-mails transactionnels par mois",
    "Recharges ponctuelles, valables 12 mois",
  ],
}
`;
